2026-03-08 17:39:50,132 INFO o.s.b.StartupInfoLogger [main] Starting ServiceRegistrationAndDiscoveryServer using Java 21.0.2 with PID 15000 (C:\Users\imess\Documents\WorkSpace\Projects\DEV_WorkSpace\quickdelivery-parent\quickdelivery-registy-server\target\classes started by imess in C:\Users\imess\Documents\WorkSpace\Projects\DEV_WorkSpace\quickdelivery-parent\quickdelivery-registy-server)
2026-03-08 17:39:50,140 INFO o.s.b.SpringApplication [main] No active profile set, falling back to 1 default profile: "default"
2026-03-08 17:39:50,205 INFO o.s.b.l.DeferredLog [main] Fetching config from server at : http://localhost:8888
2026-03-08 17:39:50,206 INFO o.s.b.l.DeferredLog [main] Exception on Url - http://localhost:8888:org.springframework.web.client.ResourceAccessException: I/O error on GET request for "http://localhost:8888/DISCOVERY-SERVER/default": Connection refused: getsockopt. Will be trying the next url if available
2026-03-08 17:39:50,207 WARN o.s.b.l.DeferredLog [main] Could not locate PropertySource ([ConfigServerConfigDataResource@6c345c5f uris = array<String>['http://localhost:8888'], optional = true, profiles = list['default']]): I/O error on GET request for "http://localhost:8888/DISCOVERY-SERVER/default": Connection refused: getsockopt
2026-03-08 17:39:50,207 INFO o.s.b.l.DeferredLog [main] Fetching config from server at : http://localhost:8888
2026-03-08 17:39:50,207 INFO o.s.b.l.DeferredLog [main] Exception on Url - http://localhost:8888:org.springframework.web.client.ResourceAccessException: I/O error on GET request for "http://localhost:8888/DISCOVERY-SERVER/default": Connection refused: getsockopt. Will be trying the next url if available
2026-03-08 17:39:50,208 WARN o.s.b.l.DeferredLog [main] Could not locate PropertySource ([ConfigServerConfigDataResource@6e46d9f4 uris = array<String>['http://localhost:8888'], optional = true, profiles = list['default']]): I/O error on GET request for "http://localhost:8888/DISCOVERY-SERVER/default": Connection refused: getsockopt
2026-03-08 17:39:50,209 INFO o.s.b.l.DeferredLog [main] Fetching config from server at : http://localhost:8888
2026-03-08 17:39:50,209 INFO o.s.b.l.DeferredLog [main] Exception on Url - http://localhost:8888:org.springframework.web.client.ResourceAccessException: I/O error on GET request for "http://localhost:8888/DISCOVERY-SERVER/default": Connection refused: getsockopt. Will be trying the next url if available
2026-03-08 17:39:50,210 WARN o.s.b.l.DeferredLog [main] Could not locate PropertySource ([ConfigServerConfigDataResource@29cfd92b uris = array<String>['http://localhost:8888'], optional = true, profiles = list['default']]): I/O error on GET request for "http://localhost:8888/DISCOVERY-SERVER/default": Connection refused: getsockopt
2026-03-08 17:39:51,508 INFO o.s.c.c.s.GenericScope [main] BeanFactory id=177f9d62-88ee-3664-8747-7e2a16fe7119
2026-03-08 17:39:51,891 INFO o.s.b.w.e.t.TomcatWebServer [main] Tomcat initialized with port(s): 18080 (http)
2026-03-08 17:39:51,907 INFO o.a.j.l.DirectJDKLog [main] Initializing ProtocolHandler ["http-nio-18080"]
2026-03-08 17:39:51,911 INFO o.a.j.l.DirectJDKLog [main] Starting service [Tomcat]
2026-03-08 17:39:51,912 INFO o.a.j.l.DirectJDKLog [main] Starting Servlet engine: [Apache Tomcat/10.1.15]
2026-03-08 17:39:52,055 INFO o.a.j.l.DirectJDKLog [main] Initializing Spring embedded WebApplicationContext
2026-03-08 17:39:52,056 INFO o.s.b.w.s.c.ServletWebServerApplicationContext [main] Root WebApplicationContext: initialization completed in 1841 ms
2026-03-08 17:39:54,527 WARN o.s.c.l.c.LoadBalancerCacheAutoConfiguration$LoadBalancerCaffeineWarnLogger [main] Spring Cloud LoadBalancer is currently working with the default cache. While this cache implementation is useful for development and tests, it's recommended to use Caffeine cache in production.You can switch to using Caffeine cache, by adding it and org.springframework.cache.caffeine.CaffeineCacheManager to the classpath.
2026-03-08 17:39:54,557 INFO o.s.c.n.e.InstanceInfoFactory [main] Setting initial instance status as: STARTING
2026-03-08 17:39:54,980 INFO o.s.b.a.e.w.EndpointLinksResolver [main] Exposing 1 endpoint(s) beneath base path '/actuator'
2026-03-08 17:39:55,026 INFO o.s.c.n.e.s.EurekaServiceRegistry [main] Registering application DISCOVERY-SERVER with eureka with status UP
2026-03-08 17:39:55,028 INFO o.a.j.l.DirectJDKLog [main] Starting ProtocolHandler ["http-nio-18080"]
2026-03-08 17:39:55,043 INFO o.s.c.n.e.s.EurekaServerBootstrap [Thread-9] isAws returned false
2026-03-08 17:39:55,043 INFO o.s.c.n.e.s.EurekaServerBootstrap [Thread-9] Initialized server context
2026-03-08 17:39:55,051 INFO o.s.c.n.e.s.EurekaServerInitializerConfiguration [Thread-9] Started Eureka Server
2026-03-08 17:39:55,055 INFO o.s.b.w.e.t.TomcatWebServer [main] Tomcat started on port(s): 18080 (http) with context path ''
2026-03-08 17:39:55,055 INFO o.s.c.n.e.s.EurekaAutoServiceRegistration [main] Updating port to 18080
2026-03-08 17:39:55,075 INFO o.s.b.StartupInfoLogger [main] Started ServiceRegistrationAndDiscoveryServer in 6.484 seconds (process running for 7.153)
