[INFO] Scanning for projects...
[INFO] 
[INFO] ---------------< com.quickdelivery:quickdelivery-users >----------------
[INFO] Building quickdelivery-users 0.0.1-SNAPSHOT
[INFO]   from pom.xml
[INFO] --------------------------------[ jar ]---------------------------------
[INFO] 
[INFO] >>> spring-boot:3.1.5:run (default-cli) > test-compile @ quickdelivery-users >>>
[INFO] 
[INFO] --- resources:3.3.1:resources (default-resources) @ quickdelivery-users ---
[INFO] Copying 1 resource from src\main\resources to target\classes
[INFO] Copying 0 resource from src\main\resources to target\classes
[INFO] 
[INFO] --- compiler:3.11.0:compile (default-compile) @ quickdelivery-users ---
[INFO] Nothing to compile - all classes are up to date
[INFO] 
[INFO] --- resources:3.3.1:testResources (default-testResources) @ quickdelivery-users ---
[INFO] skip non existing resourceDirectory C:\Users\imess\Documents\WorkSpace\Projects\DEV_WorkSpace\quickdelivery-parent\quickdelivery-users\src\test\resources
[INFO] 
[INFO] --- compiler:3.11.0:testCompile (default-testCompile) @ quickdelivery-users ---
[INFO] Nothing to compile - all classes are up to date
[INFO] 
[INFO] <<< spring-boot:3.1.5:run (default-cli) < test-compile @ quickdelivery-users <<<
[INFO] 
[INFO] 
[INFO] --- spring-boot:3.1.5:run (default-cli) @ quickdelivery-users ---
[INFO] Attaching agents: []

  .   ____          _            __ _ _
 /\\ / ___'_ __ _ _(_)_ __  __ _ \ \ \ \
( ( )\___ | '_ | '_| | '_ \/ _` | \ \ \ \
 \\/  ___)| |_)| | | | | || (_| |  ) ) ) )
  '  |____| .__|_| |_|_| |_\__, | / / / /
 =========|_|==============|___/=/_/_/_/
 :: Spring Boot ::                (v3.1.5)

2026-03-07T15:07:15.301+01:00  INFO 32812 --- [           main] com.quickdelivery.UsersMain              : Starting UsersMain using Java 21.0.2 with PID 32812 (C:\Users\imess\Documents\WorkSpace\Projects\DEV_WorkSpace\quickdelivery-parent\quickdelivery-users\target\classes started by imess in C:\Users\imess\Documents\WorkSpace\Projects\DEV_WorkSpace\quickdelivery-parent\quickdelivery-users)
2026-03-07T15:07:15.309+01:00 DEBUG 32812 --- [           main] com.quickdelivery.UsersMain              : Running with Spring Boot v3.1.5, Spring v6.0.13
2026-03-07T15:07:15.312+01:00  INFO 32812 --- [           main] com.quickdelivery.UsersMain              : No active profile set, falling back to 1 default profile: "default"
2026-03-07T15:07:18.907+01:00  INFO 32812 --- [           main] .s.d.r.c.RepositoryConfigurationDelegate : Bootstrapping Spring Data JPA repositories in DEFAULT mode.
2026-03-07T15:07:19.366+01:00  INFO 32812 --- [           main] .s.d.r.c.RepositoryConfigurationDelegate : Finished Spring Data repository scanning in 439 ms. Found 3 JPA repository interfaces.
2026-03-07T15:07:20.015+01:00  INFO 32812 --- [           main] o.s.cloud.context.scope.GenericScope     : BeanFactory id=a2f986ef-1788-3972-b631-692feb9e7e6a
2026-03-07T15:07:22.076+01:00  INFO 32812 --- [           main] o.s.b.w.embedded.tomcat.TomcatWebServer  : Tomcat initialized with port(s): 8081 (http)
2026-03-07T15:07:22.104+01:00  INFO 32812 --- [           main] o.apache.catalina.core.StandardService   : Starting service [Tomcat]
2026-03-07T15:07:22.105+01:00  INFO 32812 --- [           main] o.apache.catalina.core.StandardEngine    : Starting Servlet engine: [Apache Tomcat/10.1.15]
2026-03-07T15:07:22.513+01:00  INFO 32812 --- [           main] o.a.c.c.C.[Tomcat].[localhost].[/]       : Initializing Spring embedded WebApplicationContext
2026-03-07T15:07:22.516+01:00  INFO 32812 --- [           main] w.s.c.ServletWebServerApplicationContext : Root WebApplicationContext: initialization completed in 7025 ms
2026-03-07T15:07:23.460+01:00  INFO 32812 --- [           main] o.hibernate.jpa.internal.util.LogHelper  : HHH000204: Processing PersistenceUnitInfo [name: default]
2026-03-07T15:07:23.630+01:00  INFO 32812 --- [           main] org.hibernate.Version                    : HHH000412: Hibernate ORM core version 6.2.13.Final
2026-03-07T15:07:23.637+01:00  INFO 32812 --- [           main] org.hibernate.cfg.Environment            : HHH000406: Using bytecode reflection optimizer
2026-03-07T15:07:24.576+01:00  INFO 32812 --- [           main] o.s.o.j.p.SpringPersistenceUnitInfo      : No LoadTimeWeaver setup: ignoring JPA class transformer
2026-03-07T15:07:24.645+01:00  INFO 32812 --- [           main] com.zaxxer.hikari.HikariDataSource       : HikariPool-1 - Starting...
2026-03-07T15:07:25.439+01:00  INFO 32812 --- [           main] com.zaxxer.hikari.pool.HikariPool        : HikariPool-1 - Added connection com.mysql.cj.jdbc.ConnectionImpl@75da2db
2026-03-07T15:07:25.445+01:00  INFO 32812 --- [           main] com.zaxxer.hikari.HikariDataSource       : HikariPool-1 - Start completed.
2026-03-07T15:07:28.148+01:00  INFO 32812 --- [           main] o.h.e.t.j.p.i.JtaPlatformInitiator       : HHH000489: No JTA platform available (set 'hibernate.transaction.jta.platform' to enable JTA platform integration)
2026-03-07T15:07:28.412+01:00  INFO 32812 --- [           main] j.LocalContainerEntityManagerFactoryBean : Initialized JPA EntityManagerFactory for persistence unit 'default'
2026-03-07T15:07:29.247+01:00  INFO 32812 --- [           main] o.s.d.j.r.query.QueryEnhancerFactory     : Hibernate is in classpath; If applicable, HQL parser will be used.
2026-03-07T15:07:31.250+01:00  WARN 32812 --- [           main] JpaBaseConfiguration$JpaWebConfiguration : spring.jpa.open-in-view is enabled by default. Therefore, database queries may be performed during view rendering. Explicitly configure spring.jpa.open-in-view to disable this warning
2026-03-07T15:07:32.198+01:00  WARN 32812 --- [           main] ion$DefaultTemplateResolverConfiguration : Cannot find template location: classpath:/templates/ (please add some templates, check your Thymeleaf configuration, or set spring.thymeleaf.check-template-location=false)
2026-03-07T15:07:33.378+01:00  INFO 32812 --- [           main] DiscoveryClientOptionalArgsConfiguration : Eureka HTTP Client uses RestTemplate.
2026-03-07T15:07:33.555+01:00  WARN 32812 --- [           main] iguration$LoadBalancerCaffeineWarnLogger : Spring Cloud LoadBalancer is currently working with the default cache. While this cache implementation is useful for development and tests, it's recommended to use Caffeine cache in production.You can switch to using Caffeine cache, by adding it and org.springframework.cache.caffeine.CaffeineCacheManager to the classpath.
2026-03-07T15:07:33.582+01:00  INFO 32812 --- [           main] o.s.b.a.e.web.EndpointLinksResolver      : Exposing 1 endpoint(s) beneath base path '/actuator'
2026-03-07T15:07:33.743+01:00  INFO 32812 --- [           main] o.s.c.n.eureka.InstanceInfoFactory       : Setting initial instance status as: STARTING
2026-03-07T15:07:33.928+01:00  INFO 32812 --- [           main] com.netflix.discovery.DiscoveryClient    : Initializing Eureka in region us-east-1
2026-03-07T15:07:33.939+01:00  INFO 32812 --- [           main] c.n.d.s.r.aws.ConfigClusterResolver      : Resolving eureka endpoints via configuration
2026-03-07T15:07:33.994+01:00  INFO 32812 --- [           main] com.netflix.discovery.DiscoveryClient    : Disable delta property : false
2026-03-07T15:07:33.995+01:00  INFO 32812 --- [           main] com.netflix.discovery.DiscoveryClient    : Single vip registry refresh property : null
2026-03-07T15:07:33.996+01:00  INFO 32812 --- [           main] com.netflix.discovery.DiscoveryClient    : Force full registry fetch : false
2026-03-07T15:07:33.997+01:00  INFO 32812 --- [           main] com.netflix.discovery.DiscoveryClient    : Application is null : false
2026-03-07T15:07:33.997+01:00  INFO 32812 --- [           main] com.netflix.discovery.DiscoveryClient    : Registered Applications size is zero : true
2026-03-07T15:07:33.998+01:00  INFO 32812 --- [           main] com.netflix.discovery.DiscoveryClient    : Application version is -1: true
2026-03-07T15:07:33.998+01:00  INFO 32812 --- [           main] com.netflix.discovery.DiscoveryClient    : Getting all instance registry info from the eureka server
2026-03-07T15:07:34.532+01:00  INFO 32812 --- [           main] com.netflix.discovery.DiscoveryClient    : The response status is 200
2026-03-07T15:07:34.537+01:00  INFO 32812 --- [           main] com.netflix.discovery.DiscoveryClient    : Starting heartbeat executor: renew interval is: 30
2026-03-07T15:07:34.544+01:00  INFO 32812 --- [           main] c.n.discovery.InstanceInfoReplicator     : InstanceInfoReplicator onDemand update allowed rate per min is 4
2026-03-07T15:07:34.552+01:00  INFO 32812 --- [           main] com.netflix.discovery.DiscoveryClient    : Discovery Client initialized at timestamp 1772892454551 with initial instances count: 0
2026-03-07T15:07:34.576+01:00  INFO 32812 --- [           main] o.s.c.n.e.s.EurekaServiceRegistry        : Registering application USERS_SERVICE with eureka with status UP
2026-03-07T15:07:34.578+01:00  INFO 32812 --- [           main] com.netflix.discovery.DiscoveryClient    : Saw local status change event StatusChangeEvent [timestamp=1772892454578, current=UP, previous=STARTING]
2026-03-07T15:07:34.581+01:00  INFO 32812 --- [nfoReplicator-0] com.netflix.discovery.DiscoveryClient    : DiscoveryClient_USERS_SERVICE/BOOK-TT0T9SUEJL.mshome.net:Users_Service:8081: registering service...
2026-03-07T15:07:34.615+01:00  INFO 32812 --- [           main] o.s.b.w.embedded.tomcat.TomcatWebServer  : Tomcat started on port(s): 8081 (http) with context path ''
2026-03-07T15:07:34.617+01:00  INFO 32812 --- [           main] .s.c.n.e.s.EurekaAutoServiceRegistration : Updating port to 8081
2026-03-07T15:07:34.652+01:00  INFO 32812 --- [           main] com.quickdelivery.UsersMain              : Started UsersMain in 20.534 seconds (process running for 22.176)
2026-03-07T15:07:34.659+01:00  INFO 32812 --- [nfoReplicator-0] com.netflix.discovery.DiscoveryClient    : DiscoveryClient_USERS_SERVICE/BOOK-TT0T9SUEJL.mshome.net:Users_Service:8081 - registration status: 204
2026-03-07T15:08:04.538+01:00  INFO 32812 --- [freshExecutor-0] com.netflix.discovery.DiscoveryClient    : Disable delta property : false
2026-03-07T15:08:04.549+01:00  INFO 32812 --- [freshExecutor-0] com.netflix.discovery.DiscoveryClient    : Single vip registry refresh property : null
2026-03-07T15:08:04.549+01:00  INFO 32812 --- [freshExecutor-0] com.netflix.discovery.DiscoveryClient    : Force full registry fetch : false
2026-03-07T15:08:04.549+01:00  INFO 32812 --- [freshExecutor-0] com.netflix.discovery.DiscoveryClient    : Application is null : false
2026-03-07T15:08:04.550+01:00  INFO 32812 --- [freshExecutor-0] com.netflix.discovery.DiscoveryClient    : Registered Applications size is zero : true
2026-03-07T15:08:04.551+01:00  INFO 32812 --- [freshExecutor-0] com.netflix.discovery.DiscoveryClient    : Application version is -1: false
2026-03-07T15:08:04.551+01:00  INFO 32812 --- [freshExecutor-0] com.netflix.discovery.DiscoveryClient    : Getting all instance registry info from the eureka server
2026-03-07T15:08:04.597+01:00  INFO 32812 --- [freshExecutor-0] com.netflix.discovery.DiscoveryClient    : The response status is 200
2026-03-07T15:09:34.766+01:00  INFO 32812 --- [0.0-8081-exec-1] o.a.c.c.C.[Tomcat].[localhost].[/]       : Initializing Spring DispatcherServlet 'dispatcherServlet'
2026-03-07T15:09:34.767+01:00  INFO 32812 --- [0.0-8081-exec-1] o.s.web.servlet.DispatcherServlet        : Initializing Servlet 'dispatcherServlet'
2026-03-07T15:09:34.776+01:00  INFO 32812 --- [0.0-8081-exec-1] o.s.web.servlet.DispatcherServlet        : Completed initialization in 3 ms
2026-03-07T15:09:34.845+01:00  INFO 32812 --- [0.0-8081-exec-1] c.q.UsersMain$$SpringCGLIB$$0            : Start controller method: usersForValidation with args: []
2026-03-07T15:09:35.329+01:00  INFO 32812 --- [0.0-8081-exec-1] c.q.UsersMain$$SpringCGLIB$$0            : End controller method: usersForValidation with args: []
2026-03-07T15:09:35.333+01:00  INFO 32812 --- [0.0-8081-exec-1] c.q.UsersMain$$SpringCGLIB$$0            : Execution time of usersForValidation: 486 milliseconds
2026-03-07T15:09:54.603+01:00  INFO 32812 --- [0.0-8081-exec-3] c.q.UsersMain$$SpringCGLIB$$0            : Start controller method: usersForValidation with args: []
2026-03-07T15:09:54.681+01:00  INFO 32812 --- [0.0-8081-exec-3] c.q.UsersMain$$SpringCGLIB$$0            : End controller method: usersForValidation with args: []
2026-03-07T15:09:54.682+01:00  INFO 32812 --- [0.0-8081-exec-3] c.q.UsersMain$$SpringCGLIB$$0            : Execution time of usersForValidation: 78 milliseconds
2026-03-07T15:10:14.397+01:00  INFO 32812 --- [0.0-8081-exec-2] c.q.UsersMain$$SpringCGLIB$$0            : Start controller method: usersForValidation with args: []
2026-03-07T15:10:14.461+01:00  INFO 32812 --- [0.0-8081-exec-2] c.q.UsersMain$$SpringCGLIB$$0            : End controller method: usersForValidation with args: []
2026-03-07T15:10:14.462+01:00  INFO 32812 --- [0.0-8081-exec-2] c.q.UsersMain$$SpringCGLIB$$0            : Execution time of usersForValidation: 65 milliseconds
2026-03-07T15:12:34.012+01:00  INFO 32812 --- [trap-executor-0] c.n.d.s.r.aws.ConfigClusterResolver      : Resolving eureka endpoints via configuration
2026-03-07T15:17:34.030+01:00  INFO 32812 --- [trap-executor-0] c.n.d.s.r.aws.ConfigClusterResolver      : Resolving eureka endpoints via configuration
2026-03-07T15:22:34.041+01:00  INFO 32812 --- [trap-executor-0] c.n.d.s.r.aws.ConfigClusterResolver      : Resolving eureka endpoints via configuration
2026-03-07T15:27:34.048+01:00  INFO 32812 --- [trap-executor-0] c.n.d.s.r.aws.ConfigClusterResolver      : Resolving eureka endpoints via configuration
2026-03-07T15:32:34.049+01:00  INFO 32812 --- [trap-executor-0] c.n.d.s.r.aws.ConfigClusterResolver      : Resolving eureka endpoints via configuration
2026-03-07T15:37:34.077+01:00  INFO 32812 --- [trap-executor-0] c.n.d.s.r.aws.ConfigClusterResolver      : Resolving eureka endpoints via configuration
2026-03-07T15:42:34.085+01:00  INFO 32812 --- [trap-executor-0] c.n.d.s.r.aws.ConfigClusterResolver      : Resolving eureka endpoints via configuration
2026-03-07T15:47:34.102+01:00  INFO 32812 --- [trap-executor-0] c.n.d.s.r.aws.ConfigClusterResolver      : Resolving eureka endpoints via configuration
2026-03-07T15:52:34.119+01:00  INFO 32812 --- [trap-executor-0] c.n.d.s.r.aws.ConfigClusterResolver      : Resolving eureka endpoints via configuration
2026-03-07T15:57:34.139+01:00  INFO 32812 --- [trap-executor-0] c.n.d.s.r.aws.ConfigClusterResolver      : Resolving eureka endpoints via configuration
2026-03-07T16:02:34.147+01:00  INFO 32812 --- [trap-executor-0] c.n.d.s.r.aws.ConfigClusterResolver      : Resolving eureka endpoints via configuration
2026-03-07T16:07:34.177+01:00  INFO 32812 --- [trap-executor-0] c.n.d.s.r.aws.ConfigClusterResolver      : Resolving eureka endpoints via configuration
2026-03-07T16:12:34.196+01:00  INFO 32812 --- [trap-executor-0] c.n.d.s.r.aws.ConfigClusterResolver      : Resolving eureka endpoints via configuration
2026-03-07T16:17:34.225+01:00  INFO 32812 --- [trap-executor-0] c.n.d.s.r.aws.ConfigClusterResolver      : Resolving eureka endpoints via configuration
2026-03-07T16:22:34.229+01:00  INFO 32812 --- [trap-executor-0] c.n.d.s.r.aws.ConfigClusterResolver      : Resolving eureka endpoints via configuration
2026-03-07T16:27:34.247+01:00  INFO 32812 --- [trap-executor-0] c.n.d.s.r.aws.ConfigClusterResolver      : Resolving eureka endpoints via configuration
2026-03-07T16:32:34.272+01:00  INFO 32812 --- [trap-executor-0] c.n.d.s.r.aws.ConfigClusterResolver      : Resolving eureka endpoints via configuration
2026-03-07T16:37:34.291+01:00  INFO 32812 --- [trap-executor-0] c.n.d.s.r.aws.ConfigClusterResolver      : Resolving eureka endpoints via configuration
2026-03-07T16:42:34.308+01:00  INFO 32812 --- [trap-executor-0] c.n.d.s.r.aws.ConfigClusterResolver      : Resolving eureka endpoints via configuration
2026-03-07T16:47:34.335+01:00  INFO 32812 --- [trap-executor-0] c.n.d.s.r.aws.ConfigClusterResolver      : Resolving eureka endpoints via configuration
2026-03-07T16:52:34.364+01:00  INFO 32812 --- [trap-executor-0] c.n.d.s.r.aws.ConfigClusterResolver      : Resolving eureka endpoints via configuration
2026-03-07T16:57:34.385+01:00  INFO 32812 --- [trap-executor-0] c.n.d.s.r.aws.ConfigClusterResolver      : Resolving eureka endpoints via configuration
2026-03-07T17:02:34.409+01:00  INFO 32812 --- [trap-executor-0] c.n.d.s.r.aws.ConfigClusterResolver      : Resolving eureka endpoints via configuration
2026-03-07T17:07:34.423+01:00  INFO 32812 --- [trap-executor-0] c.n.d.s.r.aws.ConfigClusterResolver      : Resolving eureka endpoints via configuration
2026-03-07T17:12:34.433+01:00  INFO 32812 --- [trap-executor-0] c.n.d.s.r.aws.ConfigClusterResolver      : Resolving eureka endpoints via configuration
2026-03-07T17:17:34.437+01:00  INFO 32812 --- [trap-executor-0] c.n.d.s.r.aws.ConfigClusterResolver      : Resolving eureka endpoints via configuration
2026-03-07T17:22:34.443+01:00  INFO 32812 --- [trap-executor-0] c.n.d.s.r.aws.ConfigClusterResolver      : Resolving eureka endpoints via configuration
2026-03-07T17:27:34.472+01:00  INFO 32812 --- [trap-executor-0] c.n.d.s.r.aws.ConfigClusterResolver      : Resolving eureka endpoints via configuration
2026-03-07T17:32:34.500+01:00  INFO 32812 --- [trap-executor-0] c.n.d.s.r.aws.ConfigClusterResolver      : Resolving eureka endpoints via configuration
2026-03-07T17:37:34.526+01:00  INFO 32812 --- [trap-executor-0] c.n.d.s.r.aws.ConfigClusterResolver      : Resolving eureka endpoints via configuration
2026-03-07T17:42:34.529+01:00  INFO 32812 --- [trap-executor-0] c.n.d.s.r.aws.ConfigClusterResolver      : Resolving eureka endpoints via configuration
2026-03-07T17:47:34.546+01:00  INFO 32812 --- [trap-executor-0] c.n.d.s.r.aws.ConfigClusterResolver      : Resolving eureka endpoints via configuration
2026-03-07T17:52:34.562+01:00  INFO 32812 --- [trap-executor-0] c.n.d.s.r.aws.ConfigClusterResolver      : Resolving eureka endpoints via configuration
2026-03-07T17:57:34.583+01:00  INFO 32812 --- [trap-executor-0] c.n.d.s.r.aws.ConfigClusterResolver      : Resolving eureka endpoints via configuration
2026-03-07T18:02:34.597+01:00  INFO 32812 --- [trap-executor-0] c.n.d.s.r.aws.ConfigClusterResolver      : Resolving eureka endpoints via configuration
2026-03-07T18:07:34.611+01:00  INFO 32812 --- [trap-executor-0] c.n.d.s.r.aws.ConfigClusterResolver      : Resolving eureka endpoints via configuration
2026-03-07T18:12:34.634+01:00  INFO 32812 --- [trap-executor-0] c.n.d.s.r.aws.ConfigClusterResolver      : Resolving eureka endpoints via configuration
2026-03-07T18:17:34.659+01:00  INFO 32812 --- [trap-executor-0] c.n.d.s.r.aws.ConfigClusterResolver      : Resolving eureka endpoints via configuration
2026-03-07T18:22:34.677+01:00  INFO 32812 --- [trap-executor-0] c.n.d.s.r.aws.ConfigClusterResolver      : Resolving eureka endpoints via configuration
2026-03-07T18:27:34.685+01:00  INFO 32812 --- [trap-executor-0] c.n.d.s.r.aws.ConfigClusterResolver      : Resolving eureka endpoints via configuration
2026-03-07T18:32:34.713+01:00  INFO 32812 --- [trap-executor-0] c.n.d.s.r.aws.ConfigClusterResolver      : Resolving eureka endpoints via configuration
2026-03-07T18:37:34.721+01:00  INFO 32812 --- [trap-executor-0] c.n.d.s.r.aws.ConfigClusterResolver      : Resolving eureka endpoints via configuration
2026-03-07T18:42:34.729+01:00  INFO 32812 --- [trap-executor-0] c.n.d.s.r.aws.ConfigClusterResolver      : Resolving eureka endpoints via configuration
2026-03-07T18:47:34.745+01:00  INFO 32812 --- [trap-executor-0] c.n.d.s.r.aws.ConfigClusterResolver      : Resolving eureka endpoints via configuration
2026-03-07T18:52:34.751+01:00  INFO 32812 --- [trap-executor-0] c.n.d.s.r.aws.ConfigClusterResolver      : Resolving eureka endpoints via configuration
2026-03-07T18:57:34.767+01:00  INFO 32812 --- [trap-executor-0] c.n.d.s.r.aws.ConfigClusterResolver      : Resolving eureka endpoints via configuration
2026-03-07T19:02:34.769+01:00  INFO 32812 --- [trap-executor-0] c.n.d.s.r.aws.ConfigClusterResolver      : Resolving eureka endpoints via configuration
2026-03-07T19:07:34.777+01:00  INFO 32812 --- [trap-executor-0] c.n.d.s.r.aws.ConfigClusterResolver      : Resolving eureka endpoints via configuration
2026-03-07T19:12:34.797+01:00  INFO 32812 --- [trap-executor-0] c.n.d.s.r.aws.ConfigClusterResolver      : Resolving eureka endpoints via configuration
2026-03-07T19:17:34.824+01:00  INFO 32812 --- [trap-executor-0] c.n.d.s.r.aws.ConfigClusterResolver      : Resolving eureka endpoints via configuration
2026-03-07T19:22:34.845+01:00  INFO 32812 --- [trap-executor-0] c.n.d.s.r.aws.ConfigClusterResolver      : Resolving eureka endpoints via configuration
2026-03-07T19:27:34.848+01:00  INFO 32812 --- [trap-executor-0] c.n.d.s.r.aws.ConfigClusterResolver      : Resolving eureka endpoints via configuration
2026-03-07T19:32:34.868+01:00  INFO 32812 --- [trap-executor-0] c.n.d.s.r.aws.ConfigClusterResolver      : Resolving eureka endpoints via configuration
2026-03-07T19:37:34.881+01:00  INFO 32812 --- [trap-executor-0] c.n.d.s.r.aws.ConfigClusterResolver      : Resolving eureka endpoints via configuration
2026-03-07T19:42:34.911+01:00  INFO 32812 --- [trap-executor-0] c.n.d.s.r.aws.ConfigClusterResolver      : Resolving eureka endpoints via configuration
2026-03-07T19:47:34.939+01:00  INFO 32812 --- [trap-executor-0] c.n.d.s.r.aws.ConfigClusterResolver      : Resolving eureka endpoints via configuration
2026-03-07T19:52:34.964+01:00  INFO 32812 --- [trap-executor-0] c.n.d.s.r.aws.ConfigClusterResolver      : Resolving eureka endpoints via configuration
2026-03-07T19:57:34.967+01:00  INFO 32812 --- [trap-executor-0] c.n.d.s.r.aws.ConfigClusterResolver      : Resolving eureka endpoints via configuration
2026-03-07T20:02:34.996+01:00  INFO 32812 --- [trap-executor-0] c.n.d.s.r.aws.ConfigClusterResolver      : Resolving eureka endpoints via configuration
2026-03-07T20:07:35.011+01:00  INFO 32812 --- [trap-executor-0] c.n.d.s.r.aws.ConfigClusterResolver      : Resolving eureka endpoints via configuration
2026-03-07T20:12:35.039+01:00  INFO 32812 --- [trap-executor-0] c.n.d.s.r.aws.ConfigClusterResolver      : Resolving eureka endpoints via configuration
2026-03-07T20:17:35.059+01:00  INFO 32812 --- [trap-executor-0] c.n.d.s.r.aws.ConfigClusterResolver      : Resolving eureka endpoints via configuration
2026-03-07T20:22:35.082+01:00  INFO 32812 --- [trap-executor-0] c.n.d.s.r.aws.ConfigClusterResolver      : Resolving eureka endpoints via configuration
2026-03-07T20:27:35.100+01:00  INFO 32812 --- [trap-executor-0] c.n.d.s.r.aws.ConfigClusterResolver      : Resolving eureka endpoints via configuration
2026-03-07T20:32:35.127+01:00  INFO 32812 --- [trap-executor-0] c.n.d.s.r.aws.ConfigClusterResolver      : Resolving eureka endpoints via configuration
2026-03-07T20:37:35.152+01:00  INFO 32812 --- [trap-executor-0] c.n.d.s.r.aws.ConfigClusterResolver      : Resolving eureka endpoints via configuration
2026-03-07T20:42:35.167+01:00  INFO 32812 --- [trap-executor-0] c.n.d.s.r.aws.ConfigClusterResolver      : Resolving eureka endpoints via configuration
2026-03-07T20:47:35.191+01:00  INFO 32812 --- [trap-executor-0] c.n.d.s.r.aws.ConfigClusterResolver      : Resolving eureka endpoints via configuration
2026-03-07T20:52:35.207+01:00  INFO 32812 --- [trap-executor-0] c.n.d.s.r.aws.ConfigClusterResolver      : Resolving eureka endpoints via configuration
2026-03-07T20:57:35.237+01:00  INFO 32812 --- [trap-executor-0] c.n.d.s.r.aws.ConfigClusterResolver      : Resolving eureka endpoints via configuration
2026-03-07T21:02:35.244+01:00  INFO 32812 --- [trap-executor-0] c.n.d.s.r.aws.ConfigClusterResolver      : Resolving eureka endpoints via configuration
2026-03-07T21:07:35.270+01:00  INFO 32812 --- [trap-executor-0] c.n.d.s.r.aws.ConfigClusterResolver      : Resolving eureka endpoints via configuration
2026-03-07T21:12:35.298+01:00  INFO 32812 --- [trap-executor-0] c.n.d.s.r.aws.ConfigClusterResolver      : Resolving eureka endpoints via configuration
2026-03-07T21:17:35.327+01:00  INFO 32812 --- [trap-executor-0] c.n.d.s.r.aws.ConfigClusterResolver      : Resolving eureka endpoints via configuration
2026-03-07T21:22:35.352+01:00  INFO 32812 --- [trap-executor-0] c.n.d.s.r.aws.ConfigClusterResolver      : Resolving eureka endpoints via configuration
2026-03-07T21:27:35.367+01:00  INFO 32812 --- [trap-executor-0] c.n.d.s.r.aws.ConfigClusterResolver      : Resolving eureka endpoints via configuration
2026-03-07T21:32:35.383+01:00  INFO 32812 --- [trap-executor-0] c.n.d.s.r.aws.ConfigClusterResolver      : Resolving eureka endpoints via configuration
2026-03-07T21:37:35.399+01:00  INFO 32812 --- [trap-executor-0] c.n.d.s.r.aws.ConfigClusterResolver      : Resolving eureka endpoints via configuration
2026-03-07T21:42:35.412+01:00  INFO 32812 --- [trap-executor-0] c.n.d.s.r.aws.ConfigClusterResolver      : Resolving eureka endpoints via configuration
2026-03-07T21:47:35.433+01:00  INFO 32812 --- [trap-executor-0] c.n.d.s.r.aws.ConfigClusterResolver      : Resolving eureka endpoints via configuration
2026-03-07T21:52:35.456+01:00  INFO 32812 --- [trap-executor-0] c.n.d.s.r.aws.ConfigClusterResolver      : Resolving eureka endpoints via configuration
2026-03-07T21:57:35.458+01:00  INFO 32812 --- [trap-executor-0] c.n.d.s.r.aws.ConfigClusterResolver      : Resolving eureka endpoints via configuration
2026-03-07T22:02:35.484+01:00  INFO 32812 --- [trap-executor-0] c.n.d.s.r.aws.ConfigClusterResolver      : Resolving eureka endpoints via configuration
2026-03-07T22:07:35.511+01:00  INFO 32812 --- [trap-executor-0] c.n.d.s.r.aws.ConfigClusterResolver      : Resolving eureka endpoints via configuration
2026-03-07T22:12:35.528+01:00  INFO 32812 --- [trap-executor-0] c.n.d.s.r.aws.ConfigClusterResolver      : Resolving eureka endpoints via configuration
2026-03-07T22:17:35.544+01:00  INFO 32812 --- [trap-executor-0] c.n.d.s.r.aws.ConfigClusterResolver      : Resolving eureka endpoints via configuration
2026-03-07T22:22:35.562+01:00  INFO 32812 --- [trap-executor-0] c.n.d.s.r.aws.ConfigClusterResolver      : Resolving eureka endpoints via configuration
2026-03-07T22:27:35.586+01:00  INFO 32812 --- [trap-executor-0] c.n.d.s.r.aws.ConfigClusterResolver      : Resolving eureka endpoints via configuration
2026-03-07T22:32:35.608+01:00  INFO 32812 --- [trap-executor-0] c.n.d.s.r.aws.ConfigClusterResolver      : Resolving eureka endpoints via configuration
2026-03-07T22:37:35.630+01:00  INFO 32812 --- [trap-executor-0] c.n.d.s.r.aws.ConfigClusterResolver      : Resolving eureka endpoints via configuration
2026-03-07T22:42:35.648+01:00  INFO 32812 --- [trap-executor-0] c.n.d.s.r.aws.ConfigClusterResolver      : Resolving eureka endpoints via configuration
2026-03-07T22:47:35.677+01:00  INFO 32812 --- [trap-executor-0] c.n.d.s.r.aws.ConfigClusterResolver      : Resolving eureka endpoints via configuration
2026-03-07T22:52:35.698+01:00  INFO 32812 --- [trap-executor-0] c.n.d.s.r.aws.ConfigClusterResolver      : Resolving eureka endpoints via configuration
2026-03-07T22:57:35.725+01:00  INFO 32812 --- [trap-executor-0] c.n.d.s.r.aws.ConfigClusterResolver      : Resolving eureka endpoints via configuration
2026-03-07T23:02:35.750+01:00  INFO 32812 --- [trap-executor-0] c.n.d.s.r.aws.ConfigClusterResolver      : Resolving eureka endpoints via configuration
2026-03-07T23:07:35.763+01:00  INFO 32812 --- [trap-executor-0] c.n.d.s.r.aws.ConfigClusterResolver      : Resolving eureka endpoints via configuration
2026-03-07T23:12:35.785+01:00  INFO 32812 --- [trap-executor-0] c.n.d.s.r.aws.ConfigClusterResolver      : Resolving eureka endpoints via configuration
2026-03-07T23:17:35.809+01:00  INFO 32812 --- [trap-executor-0] c.n.d.s.r.aws.ConfigClusterResolver      : Resolving eureka endpoints via configuration
2026-03-07T23:22:35.825+01:00  INFO 32812 --- [trap-executor-0] c.n.d.s.r.aws.ConfigClusterResolver      : Resolving eureka endpoints via configuration
2026-03-07T23:27:35.833+01:00  INFO 32812 --- [trap-executor-0] c.n.d.s.r.aws.ConfigClusterResolver      : Resolving eureka endpoints via configuration
2026-03-07T23:32:35.843+01:00  INFO 32812 --- [trap-executor-0] c.n.d.s.r.aws.ConfigClusterResolver      : Resolving eureka endpoints via configuration
2026-03-07T23:37:35.867+01:00  INFO 32812 --- [trap-executor-0] c.n.d.s.r.aws.ConfigClusterResolver      : Resolving eureka endpoints via configuration
2026-03-07T23:42:35.894+01:00  INFO 32812 --- [trap-executor-0] c.n.d.s.r.aws.ConfigClusterResolver      : Resolving eureka endpoints via configuration
2026-03-07T23:47:35.913+01:00  INFO 32812 --- [trap-executor-0] c.n.d.s.r.aws.ConfigClusterResolver      : Resolving eureka endpoints via configuration
